Invoking graph...
--- DEBUG ENTRY POINT (USER) ---
User Message: olß
--- DEBUG ROUTER ---
Agente Atual: triagem
Error: 'charmap' codec can't encode character '\u2011' in position 30: character maps to <undefined>
